resuming best validation model at epoch 1
ours inf_delay=5 ego_delay=2 sample=0/1783
ours inf_delay=5 ego_delay=2 sample=100/1783
ours inf_delay=5 ego_delay=2 sample=200/1783
ours inf_delay=5 ego_delay=2 sample=300/1783
ours inf_delay=5 ego_delay=2 sample=400/1783
ours inf_delay=5 ego_delay=2 sample=500/1783
ours inf_delay=5 ego_delay=2 sample=600/1783
ours inf_delay=5 ego_delay=2 sample=700/1783
ours inf_delay=5 ego_delay=2 sample=800/1783
ours inf_delay=5 ego_delay=2 sample=900/1783
ours inf_delay=5 ego_delay=2 sample=1000/1783
ours inf_delay=5 ego_delay=2 sample=1100/1783
ours inf_delay=5 ego_delay=2 sample=1200/1783
ours inf_delay=5 ego_delay=2 sample=1300/1783
ours inf_delay=5 ego_delay=2 sample=1400/1783
ours inf_delay=5 ego_delay=2 sample=1500/1783
ours inf_delay=5 ego_delay=2 sample=1600/1783
ours inf_delay=5 ego_delay=2 sample=1700/1783
ours inf_delay=5 ego_delay=2: AP30=0.0389 AP50=0.0147 AP70=0.0022
/raid/xuyifan/v2x_code_ckpt/external/LRCP/opencood/models/meta_flow.py:46: UserWarning: __floordiv__ is deprecated, and its behavior will change in a future version of pytorch. It currently rounds toward 0 (like the 'trunc' function NOT 'floor'). This results in incorrect rounding for negative values. To keep the current behavior, use torch.div(a, b, rounding_mode='trunc'), or for actual floor division, use torch.div(a, b, rounding_mode='floor').
  dim_t = self.temperature**(2 * (dim_t // 2) / self.num_feats)
/raid/xuyifan/miniconda3/envs/dair-v2x-openmmlab/lib/python3.7/site-packages/torch/functional.py:445: UserWarning: torch.meshgrid: in an upcoming release, it will be required to pass the indexing argument. (Triggered internally at  /opt/conda/conda-bld/pytorch_1639180594101/work/aten/src/ATen/native/TensorShape.cpp:2157.)
  return _VF.meshgrid(tensors, **kwargs)  # type: ignore[attr-defined]
/raid/xuyifan/miniconda3/envs/dair-v2x-openmmlab/lib/python3.7/site-packages/torch/nn/functional.py:1806: UserWarning: nn.functional.sigmoid is deprecated. Use torch.sigmoid instead.
  warnings.warn("nn.functional.sigmoid is deprecated. Use torch.sigmoid instead.")
wrote 1 rows to /raid/xuyifan/v2x_code_ckpt/results/260615_fill/artifacts/dair_lrcp_strict_dual_delay_parts/ours_comp2_comm3.csv
